
> complex-ui-debug@0.1.0 test
> jest --runInBand --detectOpenHandles --runTestsByPath output.test.ts

